// Jest Snapshot v1, https://goo.gl/fbAQLP

exports[`GetCartsCart 1`] = `
Object {
  "cart": Object {
    "billing_address": null,
    "billing_address_id": null,
    "completed_at": null,
    "context": Object {
      "ip": "::ffff:127.0.0.1",
      "user_agent": "axios/0.21.1",
    },
    "created_at": Any<String>,
    "customer_id": null,
    "deleted_at": null,
    "discount_total": 0,
    "discounts": Array [],
    "email": null,
    "gift_card_total": 0,
    "gift_cards": Array [],
    "id": StringMatching /\\^cart_\\*/,
    "idempotency_key": null,
    "items": Array [
      Object {
        "allow_discounts": true,
        "cart_id": StringMatching /\\^cart_\\*/,
        "claim_order_id": null,
        "created_at": Any<String>,
        "description": "Small",
        "fulfilled_quantity": null,
        "has_shipping": false,
        "id": StringMatching /\\^item_\\*/,
        "is_giftcard": false,
        "metadata": Object {},
        "order_id": null,
        "quantity": 1,
        "returned_quantity": null,
        "shipped_quantity": null,
        "should_merge": true,
        "swap_id": null,
        "thumbnail": null,
        "title": "Basic Tee",
        "unit_price": 1000,
        "updated_at": Any<String>,
        "variant": Object {
          "allow_backorder": false,
          "barcode": null,
          "created_at": Any<String>,
          "deleted_at": null,
          "ean": null,
          "height": null,
          "hs_code": null,
          "id": StringMatching /\\^variant_\\*/,
          "inventory_quantity": 1,
          "length": null,
          "manage_inventory": true,
          "material": null,
          "metadata": null,
          "mid_code": null,
          "origin_country": null,
          "product_id": StringMatching /\\^prod_\\*/,
          "sku": null,
          "title": "Small",
          "upc": null,
          "updated_at": Any<String>,
          "weight": null,
          "width": null,
        },
        "variant_id": StringMatching /\\^variant_\\*/,
      },
    ],
    "metadata": null,
    "payment": null,
    "payment_authorized_at": null,
    "payment_id": null,
    "payment_sessions": Array [],
    "region": Object {
      "countries": Array [],
      "created_at": Any<String>,
      "currency_code": "usd",
      "deleted_at": null,
      "fulfillment_providers": Array [],
      "id": StringMatching /\\^reg_\\*/,
      "metadata": null,
      "name": "United States",
      "payment_providers": Array [],
      "tax_code": null,
      "tax_rate": "0",
      "updated_at": Any<String>,
    },
    "region_id": StringMatching /\\^reg_\\*/,
    "shipping_address": null,
    "shipping_address_id": null,
    "shipping_methods": Array [],
    "shipping_total": 0,
    "subtotal": 1000,
    "tax_total": 0,
    "total": 1000,
    "type": "default",
    "updated_at": Any<String>,
  },
}
`;

exports[`GetCustomersCustomer 1`] = `
Object {
  "customer": Object {
    "billing_address": null,
    "billing_address_id": null,
    "created_at": Any<String>,
    "deleted_at": null,
    "email": "ada@com.com",
    "first_name": "Ada",
    "has_account": true,
    "id": StringMatching /\\^cus_\\*/,
    "last_name": "Lovelace",
    "metadata": null,
    "phone": null,
    "shipping_addresses": Array [],
    "updated_at": Any<String>,
  },
}
`;
